﻿
> autoauth-ai@2.0.0 build
> vite build

[36mvite v5.4.21 [32mbuilding for production...[36m[39m
transforming...
[32mΓ£ô[39m 1839 modules transformed.
node.exe : [31mx[39m 
Build failed in 2.03s
At line:1 char:1
+ & "C:\Program 
Files\nodejs/node.exe" 
"C:\Program 
Files\nodejs/node_mo 
...
+ ~~~~~~~~~~~~~~~~~~~~~
~~~~~~~~~~~~~~~~~~~~~~~
~~~~~~~~~~~~~~~~~~~~~~~
~~
    + CategoryInfo     
         : 
NotSpecified: ([3    
1mx[39m Build failed  
   in 2.03s:String) 
[], R    emoteException
    + 
FullyQualifiedErrorI   
 d : NativeCommandError
 
[31merror during 
build:
[31msrc/pages/Document
UploadPage.jsx (5:37): 
"ExclamationTriangle" 
is not exported by "nod
e_modules/lucide-react/
dist/esm/lucide-react.j
s", imported by "src/pa
ges/DocumentUploadPage.
jsx".[31m
file: [36mC:/Users/gok
ul/Desktop/virtusa/src/
pages/DocumentUploadPag
e.jsx:5:37[31m
[33m
3: import { GlassCard 
} from '../components/u
i/GlassCard';
4: import { Button } 
from '../components/ui/
Button';
5: import { 
UploadCloud, File, 
Loader2, 
ExclamationTriangle } 
from 'lucide-react';
                       
                 ^
6: 
7: export default 
function 
DocumentUploadPage() {
[31m
    at getRollupError (
file:///C:/Users/gokul/
Desktop/virtusa/node_mo
dules/rollup/dist/es/sh
ared/parseAst.js:402:41
)
    at error (file:///C
:/Users/gokul/Desktop/v
irtusa/node_modules/rol
lup/dist/es/shared/pars
eAst.js:398:42)
    at Module.error (fi
le:///C:/Users/gokul/De
sktop/virtusa/node_modu
les/rollup/dist/es/shar
ed/node-entry.js:17040:
16)
    at 
Module.traceVariable (f
ile:///C:/Users/gokul/D
esktop/virtusa/node_mod
ules/rollup/dist/es/sha
red/node-entry.js:17452
:29)
    at ModuleScope.find
Variable (file:///C:/Us
ers/gokul/Desktop/virtu
sa/node_modules/rollup/
dist/es/shared/node-ent
ry.js:15070:39)
    at FunctionScope.fi
ndVariable (file:///C:/
Users/gokul/Desktop/vir
tusa/node_modules/rollu
p/dist/es/shared/node-e
ntry.js:5673:38)
    at FunctionBodyScop
e.findVariable (file://
/C:/Users/gokul/Desktop
/virtusa/node_modules/r
ollup/dist/es/shared/no
de-entry.js:5673:38)
    at Identifier.bind 
(file:///C:/Users/gokul
/Desktop/virtusa/node_m
odules/rollup/dist/es/s
hared/node-entry.js:544
7:40)
    at 
CallExpression.bind (fi
le:///C:/Users/gokul/De
sktop/virtusa/node_modu
les/rollup/dist/es/shar
ed/node-entry.js:2825:2
8)
    at 
CallExpression.bind (fi
le:///C:/Users/gokul/De
sktop/virtusa/node_modu
les/rollup/dist/es/shar
ed/node-entry.js:12179:
15)[39m
